EVA2_9_CONJUNTOS
Last login: Thu Mar 13 16:17:09 on ttys000
lechus@MacBook-Air-de-Lechus ~ % mysql -u root -p
Enter password: 
Welcome to the MySQL monitor.  Commands end with ; or \g.
Your MySQL connection id is 52
Server version: 8.0.27 MySQL Community Server - GPL

Copyright (c) 2000, 2021, Oracle and/or its affiliates.

Oracle is a registered trademark of Oracle Corporation and/or its
affiliates. Other names may be trademarks of their respective
owners.

Type 'help;' or '\h' for help. Type '\c' to clear the current input statement.

mysql> show databases;
+--------------------+
| Database           |
+--------------------+
| employees          |
| information_schema |
| mysql              |
| ordersbd           |
| performance_schema |
| sakila             |
| sys                |
| Tables_in_t2       |
| tbd_eva1           |
| world_x            |
+--------------------+
10 rows in set (0.06 sec)

mysql> use Tables_in_t2;
Reading table information for completion of table and column names
You can turn off this feature to get a quicker startup with -A

Database changed
mysql> show tables;
+------------------------+
| Tables_in_tables_in_t2 |
+------------------------+
| banco                  |
| city                   |
| cliente                |
| country                |
| direccioncliente       |
| producto               |
| tarjeta                |
| tarjetacliente         |
| venta                  |
| venta_detalle          |
+------------------------+
10 rows in set (0.01 sec)

mysql> create tablaA(
    -> id int, 
    -> valor varchar(10));
ERROR 1064 (42000): You have an error in your SQL syntax; check the manual that corresponds to your MySQL server version for the right syntax to use near 'tablaA(
id int, 
valor varchar(10))' at line 1
mysql> create tabla tablaA( id int,  valor varchar(10));
ERROR 1064 (42000): You have an error in your SQL syntax; check the manual that corresponds to your MySQL server version for the right syntax to use near 'tabla tablaA( id int,  valor varchar(10))' at line 1
mysql> create table tablaA( id int,  valor varchar(10));
Query OK, 0 rows affected (0.11 sec)

mysql> create table tablaB( id int,  valor varchar(10));
Query OK, 0 rows affected (0.02 sec)

mysql> insert into tablaA
    -> values(1,"A"),(2,"B"),(3,"C"),(4,"D");
Query OK, 4 rows affected (0.02 sec)
Records: 4  Duplicates: 0  Warnings: 0

mysql> insert into tablaB
    -> values(1,"X"),(2,"Y"),(3,"Z"),(4,"A"),(5,"B");
Query OK, 5 rows affected (0.01 sec)
Records: 5  Duplicates: 0  Warnings: 0

mysql> select * from tablaA;
+------+-------+
| id   | valor |
+------+-------+
|    1 | A     |
|    2 | B     |
|    3 | C     |
|    4 | D     |
+------+-------+
4 rows in set (0.01 sec)

mysql> select * from tablaB;
+------+-------+
| id   | valor |
+------+-------+
|    1 | X     |
|    2 | Y     |
|    3 | Z     |
|    4 | A     |
|    5 | B     |
+------+-------+
5 rows in set (0.00 sec)

mysql> select * from tablaA 
    -> union
    -> select * from tablaB;
+------+-------+
| id   | valor |
+------+-------+
|    1 | A     |
|    2 | B     |
|    3 | C     |
|    4 | D     |
|    1 | X     |
|    2 | Y     |
|    3 | Z     |
|    4 | A     |
|    5 | B     |
+------+-------+
9 rows in set (0.02 sec)

mysql> use sakila
Reading table information for completion of table and column names
You can turn off this feature to get a quicker startup with -A

Database changed
mysql> show tables;
+----------------------------+
| Tables_in_sakila           |
+----------------------------+
| actor                      |
| actor_info                 |
| address                    |
| category                   |
| city                       |
| country                    |
| customer                   |
| customer_list              |
| film                       |
| film_actor                 |
| film_category              |
| film_list                  |
| film_text                  |
| inventory                  |
| language                   |
| nicer_but_slower_film_list |
| payment                    |
| rental                     |
| sales_by_film_category     |
| sales_by_store             |
| staff                      |
| staff_list                 |
| store                      |
+----------------------------+
23 rows in set (0.01 sec)

mysql> desc customer;
+-------------+-------------------+------+-----+-------------------+-----------------------------------------------+
| Field       | Type              | Null | Key | Default           | Extra                                         |
+-------------+-------------------+------+-----+-------------------+-----------------------------------------------+
| customer_id | smallint unsigned | NO   | PRI | NULL              | auto_increment                                |
| store_id    | tinyint unsigned  | NO   | MUL | NULL              |                                               |
| first_name  | varchar(45)       | NO   |     | NULL              |                                               |
| last_name   | varchar(45)       | NO   | MUL | NULL              |                                               |
| email       | varchar(50)       | YES  |     | NULL              |                                               |
| address_id  | smallint unsigned | NO   | MUL | NULL              |                                               |
| active      | tinyint(1)        | NO   |     | 1                 |                                               |
| create_date | datetime          | NO   |     | NULL              |                                               |
| last_update | timestamp         | YES  |     | CURRENT_TIMESTAMP | DEFAULT_GENERATED on update CURRENT_TIMESTAMP |
+-------------+-------------------+------+-----+-------------------+-----------------------------------------------+
9 rows in set (0.01 sec)

mysql> desc actor
    -> ;
+-------------+-------------------+------+-----+-------------------+-----------------------------------------------+
| Field       | Type              | Null | Key | Default           | Extra                                         |
+-------------+-------------------+------+-----+-------------------+-----------------------------------------------+
| actor_id    | smallint unsigned | NO   | PRI | NULL              | auto_increment                                |
| first_name  | varchar(45)       | NO   |     | NULL              |                                               |
| last_name   | varchar(45)       | NO   | MUL | NULL              |                                               |
| last_update | timestamp         | NO   |     | CURRENT_TIMESTAMP | DEFAULT_GENERATED on update CURRENT_TIMESTAMP |
+-------------+-------------------+------+-----+-------------------+-----------------------------------------------+
4 rows in set (0.01 sec)

mysql> select first_name, last_name from actor
    -> union
    -> select first_name, last_name from customer;
+-------------+--------------+
| first_name  | last_name    |
+-------------+--------------+
| PENELOPE    | GUINESS      |
| NICK        | WAHLBERG     |
| ED          | CHASE        |
| JENNIFER    | DAVIS        |
| JOHNNY      | LOLLOBRIGIDA |
| BETTE       | NICHOLSON    |
| GRACE       | MOSTEL       |
| MATTHEW     | JOHANSSON    |
| JOE         | SWANK        |
| CHRISTIAN   | GABLE        |
| ZERO        | CAGE         |
| KARL        | BERRY        |
| UMA         | WOOD         |
| VIVIEN      | BERGEN       |
| CUBA        | OLIVIER      |
| FRED        | COSTNER      |
| HELEN       | VOIGHT       |
| DAN         | TORN         |
| BOB         | FAWCETT      |
| LUCILLE     | TRACY        |
| KIRSTEN     | PALTROW      |
| ELVIS       | MARX         |
| SANDRA      | KILMER       |
| CAMERON     | STREEP       |
| KEVIN       | BLOOM        |
| RIP         | CRAWFORD     |
| JULIA       | MCQUEEN      |
| WOODY       | HOFFMAN      |
| ALEC        | WAYNE        |
| SANDRA      | PECK         |
| SISSY       | SOBIESKI     |
| TIM         | HACKMAN      |
| MILLA       | PECK         |
| AUDREY      | OLIVIER      |
| JUDY        | DEAN         |
| BURT        | DUKAKIS      |
| VAL         | BOLGER       |
| TOM         | MCKELLEN     |
| GOLDIE      | BRODY        |
| JOHNNY      | CAGE         |
| JODIE       | DEGENERES    |
| TOM         | MIRANDA      |
| KIRK        | JOVOVICH     |
| NICK        | STALLONE     |
| REESE       | KILMER       |
| PARKER      | GOLDBERG     |
| JULIA       | BARRYMORE    |
| FRANCES     | DAY-LEWIS    |
| ANNE        | CRONYN       |
| NATALIE     | HOPKINS      |
| GARY        | PHOENIX      |
| CARMEN      | HUNT         |
| MENA        | TEMPLE       |
| PENELOPE    | PINKETT      |
| FAY         | KILMER       |
| DAN         | HARRIS       |
| JUDE        | CRUISE       |
| CHRISTIAN   | AKROYD       |
| DUSTIN      | TAUTOU       |
| HENRY       | BERRY        |
| CHRISTIAN   | NEESON       |
| JAYNE       | NEESON       |
| CAMERON     | WRAY         |
| RAY         | JOHANSSON    |
| ANGELA      | HUDSON       |
| MARY        | TANDY        |
| JESSICA     | BAILEY       |
| RIP         | WINSLET      |
| KENNETH     | PALTROW      |
| MICHELLE    | MCCONAUGHEY  |
| ADAM        | GRANT        |
| SEAN        | WILLIAMS     |
| GARY        | PENN         |
| MILLA       | KEITEL       |
| BURT        | POSEY        |
| ANGELINA    | ASTAIRE      |
| CARY        | MCCONAUGHEY  |
| GROUCHO     | SINATRA      |
| MAE         | HOFFMAN      |
| RALPH       | CRUZ         |
| SCARLETT    | DAMON        |
| WOODY       | JOLIE        |
| BEN         | WILLIS       |
| JAMES       | PITT         |
| MINNIE      | ZELLWEGER    |
| GREG        | CHAPLIN      |
| SPENCER     | PECK         |
| KENNETH     | PESCI        |
| CHARLIZE    | DENCH        |
| SEAN        | GUINESS      |
| CHRISTOPHER | BERRY        |
| KIRSTEN     | AKROYD       |
| ELLEN       | PRESLEY      |
| KENNETH     | TORN         |
| DARYL       | WAHLBERG     |
| GENE        | WILLIS       |
| MEG         | HAWKE        |
| CHRIS       | BRIDGES      |
| JIM         | MOSTEL       |
| SPENCER     | DEPP         |
| SUSAN       | DAVIS        |
| WALTER      | TORN         |
| MATTHEW     | LEIGH        |
| PENELOPE    | CRONYN       |
| SIDNEY      | CROWE        |
| GROUCHO     | DUNST        |
| GINA        | DEGENERES    |
| WARREN      | NOLTE        |
| SYLVESTER   | DERN         |
| CAMERON     | ZELLWEGER    |
| RUSSELL     | BACALL       |
| MORGAN      | HOPKINS      |
| MORGAN      | MCDORMAND    |
| HARRISON    | BALE         |
| DAN         | STREEP       |
| RENEE       | TRACY        |
| CUBA        | ALLEN        |
| WARREN      | JACKMAN      |
| PENELOPE    | MONROE       |
| LIZA        | BERGMAN      |
| SALMA       | NOLTE        |
| JULIANNE    | DENCH        |
| SCARLETT    | BENING       |
| ALBERT      | NOLTE        |
| FRANCES     | TOMEI        |
| KEVIN       | GARLAND      |
| CATE        | MCQUEEN      |
| DARYL       | CRAWFORD     |
| GRETA       | KEITEL       |
| JANE        | JACKMAN      |
| ADAM        | HOPPER       |
| RICHARD     | PENN         |
| GENE        | HOPKINS      |
| RITA        | REYNOLDS     |
| ED          | MANSFIELD    |
| MORGAN      | WILLIAMS     |
| LUCILLE     | DEE          |
| EWAN        | GOODING      |
| WHOOPI      | HURT         |
| CATE        | HARRIS       |
| JADA        | RYDER        |
| RIVER       | DEAN         |
| ANGELA      | WITHERSPOON  |
| KIM         | ALLEN        |
| ALBERT      | JOHANSSON    |
| FAY         | WINSLET      |
| EMILY       | DEE          |
| RUSSELL     | TEMPLE       |
| JAYNE       | NOLTE        |
| GEOFFREY    | HESTON       |
| BEN         | HARRIS       |
| MINNIE      | KILMER       |
| MERYL       | GIBSON       |
| IAN         | TANDY        |
| FAY         | WOOD         |
| GRETA       | MALDEN       |
| VIVIEN      | BASINGER     |
| LAURA       | BRODY        |
| CHRIS       | DEPP         |
| HARVEY      | HOPE         |
| OPRAH       | KILMER       |
| CHRISTOPHER | WEST         |
| HUMPHREY    | WILLIS       |
| AL          | GARLAND      |
| NICK        | DEGENERES    |
| LAURENCE    | BULLOCK      |
| WILL        | WILSON       |
| KENNETH     | HOFFMAN      |
| MENA        | HOPPER       |
| OLYMPIA     | PFEIFFER     |
| GROUCHO     | WILLIAMS     |
| ALAN        | DREYFUSS     |
| MICHAEL     | BENING       |
| WILLIAM     | HACKMAN      |
| JON         | CHASE        |
| GENE        | MCKELLEN     |
| LISA        | MONROE       |
| ED          | GUINESS      |
| JEFF        | SILVERSTONE  |
| MATTHEW     | CARREY       |
| DEBBIE      | AKROYD       |
| RUSSELL     | CLOSE        |
| HUMPHREY    | GARLAND      |
| MICHAEL     | BOLGER       |
| JULIA       | ZELLWEGER    |
| RENEE       | BALL         |
| ROCK        | DUKAKIS      |
| CUBA        | BIRCH        |
| AUDREY      | BAILEY       |
| GREGORY     | GOODING      |
| JOHN        | SUVARI       |
| BURT        | TEMPLE       |
| MERYL       | ALLEN        |
| JAYNE       | SILVERSTONE  |
| BELA        | WALKEN       |
| REESE       | WEST         |
| MARY        | KEITEL       |
| JULIA       | FAWCETT      |
| THORA       | TEMPLE       |
| MARY        | SMITH        |
| PATRICIA    | JOHNSON      |
| LINDA       | WILLIAMS     |
| BARBARA     | JONES        |
| ELIZABETH   | BROWN        |
| MARIA       | MILLER       |
| SUSAN       | WILSON       |
| MARGARET    | MOORE        |
| DOROTHY     | TAYLOR       |
| LISA        | ANDERSON     |
| NANCY       | THOMAS       |
| KAREN       | JACKSON      |
| BETTY       | WHITE        |
| HELEN       | HARRIS       |
| SANDRA      | MARTIN       |
| DONNA       | THOMPSON     |
| CAROL       | GARCIA       |
| RUTH        | MARTINEZ     |
| SHARON      | ROBINSON     |
| MICHELLE    | CLARK        |
| LAURA       | RODRIGUEZ    |
| SARAH       | LEWIS        |
| KIMBERLY    | LEE          |
| DEBORAH     | WALKER       |
| JESSICA     | HALL         |
| SHIRLEY     | ALLEN        |
| CYNTHIA     | YOUNG        |
| ANGELA      | HERNANDEZ    |
| MELISSA     | KING         |
| BRENDA      | WRIGHT       |
| AMY         | LOPEZ        |
| ANNA        | HILL         |
| REBECCA     | SCOTT        |
| VIRGINIA    | GREEN        |
| KATHLEEN    | ADAMS        |
| PAMELA      | BAKER        |
| MARTHA      | GONZALEZ     |
| DEBRA       | NELSON       |
| AMANDA      | CARTER       |
| STEPHANIE   | MITCHELL     |
| CAROLYN     | PEREZ        |
| CHRISTINE   | ROBERTS      |
| MARIE       | TURNER       |
| JANET       | PHILLIPS     |
| CATHERINE   | CAMPBELL     |
| FRANCES     | PARKER       |
| ANN         | EVANS        |
| JOYCE       | EDWARDS      |
| DIANE       | COLLINS      |
| ALICE       | STEWART      |
| JULIE       | SANCHEZ      |
| HEATHER     | MORRIS       |
| TERESA      | ROGERS       |
| DORIS       | REED         |
| GLORIA      | COOK         |
| EVELYN      | MORGAN       |
| JEAN        | BELL         |
| CHERYL      | MURPHY       |
| MILDRED     | BAILEY       |
| KATHERINE   | RIVERA       |
| JOAN        | COOPER       |
| ASHLEY      | RICHARDSON   |
| JUDITH      | COX          |
| ROSE        | HOWARD       |
| JANICE      | WARD         |
| KELLY       | TORRES       |
| NICOLE      | PETERSON     |
| JUDY        | GRAY         |
| CHRISTINA   | RAMIREZ      |
| KATHY       | JAMES        |
| THERESA     | WATSON       |
| BEVERLY     | BROOKS       |
| DENISE      | KELLY        |
| TAMMY       | SANDERS      |
| IRENE       | PRICE        |
| JANE        | BENNETT      |
| LORI        | WOOD         |
| RACHEL      | BARNES       |
| MARILYN     | ROSS         |
| ANDREA      | HENDERSON    |
| KATHRYN     | COLEMAN      |
| LOUISE      | JENKINS      |
| SARA        | PERRY        |
| ANNE        | POWELL       |
| JACQUELINE  | LONG         |
| WANDA       | PATTERSON    |
| BONNIE      | HUGHES       |
| JULIA       | FLORES       |
| RUBY        | WASHINGTON   |
| LOIS        | BUTLER       |
| TINA        | SIMMONS      |
| PHYLLIS     | FOSTER       |
| NORMA       | GONZALES     |
| PAULA       | BRYANT       |
| DIANA       | ALEXANDER    |
| ANNIE       | RUSSELL      |
| LILLIAN     | GRIFFIN      |
| EMILY       | DIAZ         |
| ROBIN       | HAYES        |
| PEGGY       | MYERS        |
| CRYSTAL     | FORD         |
| GLADYS      | HAMILTON     |
| RITA        | GRAHAM       |
| DAWN        | SULLIVAN     |
| CONNIE      | WALLACE      |
| FLORENCE    | WOODS        |
| TRACY       | COLE         |
| EDNA        | WEST         |
| TIFFANY     | JORDAN       |
| CARMEN      | OWENS        |
| ROSA        | REYNOLDS     |
| CINDY       | FISHER       |
| GRACE       | ELLIS        |
| WENDY       | HARRISON     |
| VICTORIA    | GIBSON       |
| EDITH       | MCDONALD     |
| KIM         | CRUZ         |
| SHERRY      | MARSHALL     |
| SYLVIA      | ORTIZ        |
| JOSEPHINE   | GOMEZ        |
| THELMA      | MURRAY       |
| SHANNON     | FREEMAN      |
| SHEILA      | WELLS        |
| ETHEL       | WEBB         |
| ELLEN       | SIMPSON      |
| ELAINE      | STEVENS      |
| MARJORIE    | TUCKER       |
| CARRIE      | PORTER       |
| CHARLOTTE   | HUNTER       |
| MONICA      | HICKS        |
| ESTHER      | CRAWFORD     |
| PAULINE     | HENRY        |
| EMMA        | BOYD         |
| JUANITA     | MASON        |
| ANITA       | MORALES      |
| RHONDA      | KENNEDY      |
| HAZEL       | WARREN       |
| AMBER       | DIXON        |
| EVA         | RAMOS        |
| DEBBIE      | REYES        |
| APRIL       | BURNS        |
| LESLIE      | GORDON       |
| CLARA       | SHAW         |
| LUCILLE     | HOLMES       |
| JAMIE       | RICE         |
| JOANNE      | ROBERTSON    |
| ELEANOR     | HUNT         |
| VALERIE     | BLACK        |
| DANIELLE    | DANIELS      |
| MEGAN       | PALMER       |
| ALICIA      | MILLS        |
| SUZANNE     | NICHOLS      |
| MICHELE     | GRANT        |
| GAIL        | KNIGHT       |
| BERTHA      | FERGUSON     |
| DARLENE     | ROSE         |
| VERONICA    | STONE        |
| JILL        | HAWKINS      |
| ERIN        | DUNN         |
| GERALDINE   | PERKINS      |
| LAUREN      | HUDSON       |
| CATHY       | SPENCER      |
| JOANN       | GARDNER      |
| LORRAINE    | STEPHENS     |
| LYNN        | PAYNE        |
| SALLY       | PIERCE       |
| REGINA      | BERRY        |
| ERICA       | MATTHEWS     |
| BEATRICE    | ARNOLD       |
| DOLORES     | WAGNER       |
| BERNICE     | WILLIS       |
| AUDREY      | RAY          |
| YVONNE      | WATKINS      |
| ANNETTE     | OLSON        |
| JUNE        | CARROLL      |
| SAMANTHA    | DUNCAN       |
| MARION      | SNYDER       |
| DANA        | HART         |
| STACY       | CUNNINGHAM   |
| ANA         | BRADLEY      |
| RENEE       | LANE         |
| IDA         | ANDREWS      |
| VIVIAN      | RUIZ         |
| ROBERTA     | HARPER       |
| HOLLY       | FOX          |
| BRITTANY    | RILEY        |
| MELANIE     | ARMSTRONG    |
| LORETTA     | CARPENTER    |
| YOLANDA     | WEAVER       |
| JEANETTE    | GREENE       |
| LAURIE      | LAWRENCE     |
| KATIE       | ELLIOTT      |
| KRISTEN     | CHAVEZ       |
| VANESSA     | SIMS         |
| ALMA        | AUSTIN       |
| SUE         | PETERS       |
| ELSIE       | KELLEY       |
| BETH        | FRANKLIN     |
| JEANNE      | LAWSON       |
| VICKI       | FIELDS       |
| CARLA       | GUTIERREZ    |
| TARA        | RYAN         |
| ROSEMARY    | SCHMIDT      |
| EILEEN      | CARR         |
| TERRI       | VASQUEZ      |
| GERTRUDE    | CASTILLO     |
| LUCY        | WHEELER      |
| TONYA       | CHAPMAN      |
| ELLA        | OLIVER       |
| STACEY      | MONTGOMERY   |
| WILMA       | RICHARDS     |
| GINA        | WILLIAMSON   |
| KRISTIN     | JOHNSTON     |
| JESSIE      | BANKS        |
| NATALIE     | MEYER        |
| AGNES       | BISHOP       |
| VERA        | MCCOY        |
| WILLIE      | HOWELL       |
| CHARLENE    | ALVAREZ      |
| BESSIE      | MORRISON     |
| DELORES     | HANSEN       |
| MELINDA     | FERNANDEZ    |
| PEARL       | GARZA        |
| ARLENE      | HARVEY       |
| MAUREEN     | LITTLE       |
| COLLEEN     | BURTON       |
| ALLISON     | STANLEY      |
| TAMARA      | NGUYEN       |
| JOY         | GEORGE       |
| GEORGIA     | JACOBS       |
| CONSTANCE   | REID         |
| LILLIE      | KIM          |
| CLAUDIA     | FULLER       |
| JACKIE      | LYNCH        |
| MARCIA      | DEAN         |
| TANYA       | GILBERT      |
| NELLIE      | GARRETT      |
| MINNIE      | ROMERO       |
| MARLENE     | WELCH        |
| HEIDI       | LARSON       |
| GLENDA      | FRAZIER      |
| LYDIA       | BURKE        |
| VIOLA       | HANSON       |
| COURTNEY    | DAY          |
| MARIAN      | MENDOZA      |
| STELLA      | MORENO       |
| CAROLINE    | BOWMAN       |
| DORA        | MEDINA       |
| JO          | FOWLER       |
| VICKIE      | BREWER       |
| MATTIE      | HOFFMAN      |
| TERRY       | CARLSON      |
| MAXINE      | SILVA        |
| IRMA        | PEARSON      |
| MABEL       | HOLLAND      |
| MARSHA      | DOUGLAS      |
| MYRTLE      | FLEMING      |
| LENA        | JENSEN       |
| CHRISTY     | VARGAS       |
| DEANNA      | BYRD         |
| PATSY       | DAVIDSON     |
| HILDA       | HOPKINS      |
| GWENDOLYN   | MAY          |
| JENNIE      | TERRY        |
| NORA        | HERRERA      |
| MARGIE      | WADE         |
| NINA        | SOTO         |
| CASSANDRA   | WALTERS      |
| LEAH        | CURTIS       |
| PENNY       | NEAL         |
| KAY         | CALDWELL     |
| PRISCILLA   | LOWE         |
| NAOMI       | JENNINGS     |
| CAROLE      | BARNETT      |
| BRANDY      | GRAVES       |
| OLGA        | JIMENEZ      |
| BILLIE      | HORTON       |
| DIANNE      | SHELTON      |
| TRACEY      | BARRETT      |
| LEONA       | OBRIEN       |
| JENNY       | CASTRO       |
| FELICIA     | SUTTON       |
| SONIA       | GREGORY      |
| MIRIAM      | MCKINNEY     |
| VELMA       | LUCAS        |
| BECKY       | MILES        |
| BOBBIE      | CRAIG        |
| VIOLET      | RODRIQUEZ    |
| KRISTINA    | CHAMBERS     |
| TONI        | HOLT         |
| MISTY       | LAMBERT      |
| MAE         | FLETCHER     |
| SHELLY      | WATTS        |
| DAISY       | BATES        |
| RAMONA      | HALE         |
| SHERRI      | RHODES       |
| ERIKA       | PENA         |
| JAMES       | GANNON       |
| JOHN        | FARNSWORTH   |
| ROBERT      | BAUGHMAN     |
| MICHAEL     | SILVERMAN    |
| WILLIAM     | SATTERFIELD  |
| DAVID       | ROYAL        |
| RICHARD     | MCCRARY      |
| CHARLES     | KOWALSKI     |
| JOSEPH      | JOY          |
| THOMAS      | GRIGSBY      |
| CHRISTOPHER | GRECO        |
| DANIEL      | CABRAL       |
| PAUL        | TROUT        |
| MARK        | RINEHART     |
| DONALD      | MAHON        |
| GEORGE      | LINTON       |
| KENNETH     | GOODEN       |
| STEVEN      | CURLEY       |
| EDWARD      | BAUGH        |
| BRIAN       | WYMAN        |
| RONALD      | WEINER       |
| ANTHONY     | SCHWAB       |
| KEVIN       | SCHULER      |
| JASON       | MORRISSEY    |
| MATTHEW     | MAHAN        |
| GARY        | COY          |
| TIMOTHY     | BUNN         |
| JOSE        | ANDREW       |
| LARRY       | THRASHER     |
| JEFFREY     | SPEAR        |
| FRANK       | WAGGONER     |
| SCOTT       | SHELLEY      |
| ERIC        | ROBERT       |
| STEPHEN     | QUALLS       |
| ANDREW      | PURDY        |
| RAYMOND     | MCWHORTER    |
| GREGORY     | MAULDIN      |
| JOSHUA      | MARK         |
| JERRY       | JORDON       |
| DENNIS      | GILMAN       |
| WALTER      | PERRYMAN     |
| PATRICK     | NEWSOM       |
| PETER       | MENARD       |
| HAROLD      | MARTINO      |
| DOUGLAS     | GRAF         |
| HENRY       | BILLINGSLEY  |
| CARL        | ARTIS        |
| ARTHUR      | SIMPKINS     |
| RYAN        | SALISBURY    |
| ROGER       | QUINTANILLA  |
| JOE         | GILLILAND    |
| JUAN        | FRALEY       |
| JACK        | FOUST        |
| ALBERT      | CROUSE       |
| JONATHAN    | SCARBOROUGH  |
| JUSTIN      | NGO          |
| TERRY       | GRISSOM      |
| GERALD      | FULTZ        |
| KEITH       | RICO         |
| SAMUEL      | MARLOW       |
| WILLIE      | MARKHAM      |
| RALPH       | MADRIGAL     |
| LAWRENCE    | LAWTON       |
| NICHOLAS    | BARFIELD     |
| ROY         | WHITING      |
| BENJAMIN    | VARNEY       |
| BRUCE       | SCHWARZ      |
| BRANDON     | HUEY         |
| ADAM        | GOOCH        |
| HARRY       | ARCE         |
| FRED        | WHEAT        |
| WAYNE       | TRUONG       |
| BILLY       | POULIN       |
| STEVE       | MACKENZIE    |
| LOUIS       | LEONE        |
| JEREMY      | HURTADO      |
| AARON       | SELBY        |
| RANDY       | GAITHER      |
| HOWARD      | FORTNER      |
| EUGENE      | CULPEPPER    |
| CARLOS      | COUGHLIN     |
| RUSSELL     | BRINSON      |
| BOBBY       | BOUDREAU     |
| VICTOR      | BARKLEY      |
| MARTIN      | BALES        |
| ERNEST      | STEPP        |
| PHILLIP     | HOLM         |
| TODD        | TAN          |
| JESSE       | SCHILLING    |
| CRAIG       | MORRELL      |
| ALAN        | KAHN         |
| SHAWN       | HEATON       |
| CLARENCE    | GAMEZ        |
| SEAN        | DOUGLASS     |
| PHILIP      | CAUSEY       |
| CHRIS       | BROTHERS     |
| JOHNNY      | TURPIN       |
| EARL        | SHANKS       |
| JIMMY       | SCHRADER     |
| ANTONIO     | MEEK         |
| DANNY       | ISOM         |
| BRYAN       | HARDISON     |
| TONY        | CARRANZA     |
| LUIS        | YANEZ        |
| MIKE        | WAY          |
| STANLEY     | SCROGGINS    |
| LEONARD     | SCHOFIELD    |
| NATHAN      | RUNYON       |
| DALE        | RATCLIFF     |
| MANUEL      | MURRELL      |
| RODNEY      | MOELLER      |
| CURTIS      | IRBY         |
| NORMAN      | CURRIER      |
| ALLEN       | BUTTERFIELD  |
| MARVIN      | YEE          |
| VINCENT     | RALSTON      |
| GLENN       | PULLEN       |
| JEFFERY     | PINSON       |
| TRAVIS      | ESTEP        |
| JEFF        | EAST         |
| CHAD        | CARBONE      |
| JACOB       | LANCE        |
| LEE         | HAWKS        |
| MELVIN      | ELLINGTON    |
| ALFRED      | CASILLAS     |
| KYLE        | SPURLOCK     |
| FRANCIS     | SIKES        |
| BRADLEY     | MOTLEY       |
| JESUS       | MCCARTNEY    |
| HERBERT     | KRUGER       |
| FREDERICK   | ISBELL       |
| RAY         | HOULE        |
| JOEL        | FRANCISCO    |
| EDWIN       | BURK         |
| DON         | BONE         |
| EDDIE       | TOMLIN       |
| RICKY       | SHELBY       |
| TROY        | QUIGLEY      |
| RANDALL     | NEUMANN      |
| BARRY       | LOVELACE     |
| ALEXANDER   | FENNELL      |
| BERNARD     | COLBY        |
| MARIO       | CHEATHAM     |
| LEROY       | BUSTAMANTE   |
| FRANCISCO   | SKIDMORE     |
| MARCUS      | HIDALGO      |
| MICHEAL     | FORMAN       |
| THEODORE    | CULP         |
| CLIFFORD    | BOWENS       |
| MIGUEL      | BETANCOURT   |
| OSCAR       | AQUINO       |
| JAY         | ROBB         |
| JIM         | REA          |
| TOM         | MILNER       |
| CALVIN      | MARTEL       |
| ALEX        | GRESHAM      |
| JON         | WILES        |
| RONNIE      | RICKETTS     |
| BILL        | GAVIN        |
| LLOYD       | DOWD         |
| TOMMY       | COLLAZO      |
| LEON        | BOSTIC       |
| DEREK       | BLAKELY      |
| WARREN      | SHERROD      |
| DARRELL     | POWER        |
| JEROME      | KENYON       |
| FLOYD       | GANDY        |
| LEO         | EBERT        |
| ALVIN       | DELOACH      |
| TIM         | CARY         |
| WESLEY      | BULL         |
| GORDON      | ALLARD       |
| DEAN        | SAUER        |
| GREG        | ROBINS       |
| JORGE       | OLIVARES     |
| DUSTIN      | GILLETTE     |
| PEDRO       | CHESTNUT     |
| DERRICK     | BOURQUE      |
| DAN         | PAINE        |
| LEWIS       | LYMAN        |
| ZACHARY     | HITE         |
| COREY       | HAUSER       |
| HERMAN      | DEVORE       |
| MAURICE     | CRAWLEY      |
| VERNON      | CHAPA        |
| ROBERTO     | VU           |
| CLYDE       | TOBIAS       |
| GLEN        | TALBERT      |
| HECTOR      | POINDEXTER   |
| SHANE       | MILLARD      |
| RICARDO     | MEADOR       |
| SAM         | MCDUFFIE     |
| RICK        | MATTOX       |
| LESTER      | KRAUS        |
| BRENT       | HARKINS      |
| RAMON       | CHOATE       |
| CHARLIE     | BESS         |
| TYLER       | WREN         |
| GILBERT     | SLEDGE       |
| GENE        | SANBORN      |
| MARC        | OUTLAW       |
| REGINALD    | KINDER       |
| RUBEN       | GEARY        |
| BRETT       | CORNWELL     |
| ANGEL       | BARCLAY      |
| NATHANIEL   | ADAM         |
| RAFAEL      | ABNEY        |
| LESLIE      | SEWARD       |
| EDGAR       | RHOADS       |
| MILTON      | HOWLAND      |
| RAUL        | FORTIER      |
| BEN         | EASTER       |
| CHESTER     | BENNER       |
| CECIL       | VINES        |
| DUANE       | TUBBS        |
| FRANKLIN    | TROUTMAN     |
| ANDRE       | RAPP         |
| ELMER       | NOE          |
| BRAD        | MCCURDY      |
| GABRIEL     | HARDER       |
| RON         | DELUCA       |
| MITCHELL    | WESTMORELAND |
| ROLAND      | SOUTH        |
| ARNOLD      | HAVENS       |
| HARVEY      | GUAJARDO     |
| JARED       | ELY          |
| ADRIAN      | CLARY        |
| KARL        | SEAL         |
| CORY        | MEEHAN       |
| CLAUDE      | HERZOG       |
| ERIK        | GUILLEN      |
| DARRYL      | ASHCRAFT     |
| JAMIE       | WAUGH        |
| NEIL        | RENNER       |
| JESSIE      | MILAM        |
| CHRISTIAN   | JUNG         |
| JAVIER      | ELROD        |
| FERNANDO    | CHURCHILL    |
| CLINTON     | BUFORD       |
| TED         | BREAUX       |
| MATHEW      | BOLIN        |
| TYRONE      | ASHER        |
| DARREN      | WINDHAM      |
| LONNIE      | TIRADO       |
| LANCE       | PEMBERTON    |
| CODY        | NOLEN        |
| JULIO       | NOLAND       |
| KELLY       | KNOTT        |
| KURT        | EMMONS       |
| ALLAN       | CORNISH      |
| NELSON      | CHRISTENSON  |
| GUY         | BROWNLEE     |
| CLAYTON     | BARBEE       |
| HUGH        | WALDROP      |
| MAX         | PITT         |
| DWAYNE      | OLVERA       |
| DWIGHT      | LOMBARDI     |
| ARMANDO     | GRUBER       |
| FELIX       | GAFFNEY      |
| JIMMIE      | EGGLESTON    |
| EVERETT     | BANDA        |
| JORDAN      | ARCHULETA    |
| IAN         | STILL        |
| WALLACE     | SLONE        |
| KEN         | PREWITT      |
| BOB         | PFEIFFER     |
| JAIME       | NETTLES      |
| CASEY       | MENA         |
| ALFREDO     | MCADAMS      |
| ALBERTO     | HENNING      |
| DAVE        | GARDINER     |
| IVAN        | CROMWELL     |
| JOHNNIE     | CHISHOLM     |
| SIDNEY      | BURLESON     |
| BYRON       | BOX          |
| JULIAN      | VEST         |
| ISAAC       | OGLESBY      |
| MORRIS      | MCCARTER     |
| CLIFTON     | MALCOLM      |
| WILLARD     | LUMPKIN      |
| DARYL       | LARUE        |
| ROSS        | GREY         |
| VIRGIL      | WOFFORD      |
| ANDY        | VANHORN      |
| MARSHALL    | THORN        |
| SALVADOR    | TEEL         |
| PERRY       | SWAFFORD     |
| KIRK        | STCLAIR      |
| SERGIO      | STANFIELD    |
| MARION      | OCAMPO       |
| TRACY       | HERRMANN     |
| SETH        | HANNON       |
| KENT        | ARSENAULT    |
| TERRANCE    | ROUSH        |
| RENE        | MCALISTER    |
| EDUARDO     | HIATT        |
| TERRENCE    | GUNDERSON    |
| ENRIQUE     | FORSYTHE     |
| FREDDIE     | DUGGAN       |
| WADE        | DELVALLE     |
| AUSTIN      | CINTRON      |
+-------------+--------------+
797 rows in set (0.00 sec)

mysql> show databases;
+--------------------+
| Database           |
+--------------------+
| employees          |
| information_schema |
| mysql              |
| ordersbd           |
| performance_schema |
| sakila             |
| sys                |
| Tables_in_t2       |
| tbd_eva1           |
| world_x            |
+--------------------+
10 rows in set (0.00 sec)

mysql> use Tables_in_t2l
ERROR 1049 (42000): Unknown database 'tables_in_t2l'
mysql> use Tables_in_t2;
Reading table information for completion of table and column names
You can turn off this feature to get a quicker startup with -A

Database changed
mysql> select * from tablaal
    -> ^C
mysql> select * from tablaa;
+------+-------+
| id   | valor |
+------+-------+
|    1 | A     |
|    2 | B     |
|    3 | C     |
|    4 | D     |
+------+-------+
4 rows in set (0.00 sec)

mysql> select * from tablab;
+------+-------+
| id   | valor |
+------+-------+
|    1 | X     |
|    2 | Y     |
|    3 | Z     |
|    4 | A     |
|    5 | B     |
+------+-------+
5 rows in set (0.00 sec)

mysql> select * from tablaa
    -> where valor in (select valor from tablab);
+------+-------+
| id   | valor |
+------+-------+
|    1 | A     |
|    2 | B     |
+------+-------+
2 rows in set (0.00 sec)

mysql> desc venta_detalle;
+----------------+------+------+-----+---------+----------------+
| Field          | Type | Null | Key | Default | Extra          |
+----------------+------+------+-----+---------+----------------+
| ventadetalleid | int  | NO   | PRI | NULL    | auto_increment |
| ventaid        | int  | NO   | MUL | NULL    |                |
| productoid     | int  | NO   | MUL | NULL    |                |
| cantidad       | int  | NO   |     | NULL    |                |
+----------------+------+------+-----+---------+----------------+
4 rows in set (0.01 sec)

mysql> select * from venta_detalle;
+----------------+---------+------------+----------+
| ventadetalleid | ventaid | productoid | cantidad |
+----------------+---------+------------+----------+
|              5 |       2 |          2 |        7 |
|              7 |       4 |          2 |        5 |
|             10 |       2 |          3 |       10 |
|             11 |       4 |          2 |        8 |
+----------------+---------+------------+----------+
4 rows in set (0.01 sec)

mysql> select * from producto;
+------------+---------+---------+--------+
| productoid | nombre  | precio  | unidad |
+------------+---------+---------+--------+
|          2 | Tablet  | 5000.45 | Pieza  |
|          3 | Celular | 1000.50 | Pieza  |
+------------+---------+---------+--------+
2 rows in set (0.00 sec)

mysql> insert into producto 
    -> value(4,"OTRO",1000,"Pieza");
Query OK, 1 row affected (0.01 sec)

mysql> select * from prodcuto;
ERROR 1146 (42S02): Table 'tables_in_t2.prodcuto' doesn't exist
mysql> select * from producto;
+------------+---------+---------+--------+
| productoid | nombre  | precio  | unidad |
+------------+---------+---------+--------+
|          2 | Tablet  | 5000.45 | Pieza  |
|          3 | Celular | 1000.50 | Pieza  |
|          4 | OTRO    | 1000.00 | Pieza  |
+------------+---------+---------+--------+
3 rows in set (0.00 sec)

mysql> select * from producto
    -> where productoid in (
    -> select distinct(productoid) from venta_detalle);
+------------+---------+---------+--------+
| productoid | nombre  | precio  | unidad |
+------------+---------+---------+--------+
|          2 | Tablet  | 5000.45 | Pieza  |
|          3 | Celular | 1000.50 | Pieza  |
+------------+---------+---------+--------+
2 rows in set (0.00 sec)

mysql> select * from tablaa;
+------+-------+
| id   | valor |
+------+-------+
|    1 | A     |
|    2 | B     |
|    3 | C     |
|    4 | D     |
+------+-------+
4 rows in set (0.00 sec)

mysql> desc venta)detalle;
ERROR 1064 (42000): You have an error in your SQL syntax; check the manual that corresponds to your MySQL server version for the right syntax to use near ')detalle' at line 1
mysql> desc venta_detalle;
+----------------+------+------+-----+---------+----------------+
| Field          | Type | Null | Key | Default | Extra          |
+----------------+------+------+-----+---------+----------------+
| ventadetalleid | int  | NO   | PRI | NULL    | auto_increment |
| ventaid        | int  | NO   | MUL | NULL    |                |
| productoid     | int  | NO   | MUL | NULL    |                |
| cantidad       | int  | NO   |     | NULL    |                |
+----------------+------+------+-----+---------+----------------+
4 rows in set (0.00 sec)

mysql> select * from tablaa;
+------+-------+
| id   | valor |
+------+-------+
|    1 | A     |
|    2 | B     |
|    3 | C     |
|    4 | D     |
+------+-------+
4 rows in set (0.00 sec)

mysql> select * from tablab;
+------+-------+
| id   | valor |
+------+-------+
|    1 | X     |
|    2 | Y     |
|    3 | Z     |
|    4 | A     |
|    5 | B     |
+------+-------+
5 rows in set (0.00 sec)

mysql> select * from tablaa where valor not in (select valor from tablab);
+------+-------+
| id   | valor |
+------+-------+
|    3 | C     |
|    4 | D     |
+------+-------+
2 rows in set (0.00 sec)

mysql> select * from producto where productoid not in ( select distinct(productoid) from venta_detalle);
+------------+--------+---------+--------+
| productoid | nombre | precio  | unidad |
+------------+--------+---------+--------+
|          4 | OTRO   | 1000.00 | Pieza  |
+------------+--------+---------+--------+
1 row in set (0.00 sec)

mysql> select * from tablaa;
+------+-------+
| id   | valor |
+------+-------+
|    1 | A     |
|    2 | B     |
|    3 | C     |
|    4 | D     |
+------+-------+
4 rows in set (0.00 sec)

mysql> select * from tablab;
+------+-------+
| id   | valor |
+------+-------+
|    1 | X     |
|    2 | Y     |
|    3 | Z     |
|    4 | A     |
|    5 | B     |
+------+-------+
5 rows in set (0.00 sec)

mysql> select * from tablaa, tablab;
+------+-------+------+-------+
| id   | valor | id   | valor |
+------+-------+------+-------+
|    4 | D     |    1 | X     |
|    3 | C     |    1 | X     |
|    2 | B     |    1 | X     |
|    1 | A     |    1 | X     |
|    4 | D     |    2 | Y     |
|    3 | C     |    2 | Y     |
|    2 | B     |    2 | Y     |
|    1 | A     |    2 | Y     |
|    4 | D     |    3 | Z     |
|    3 | C     |    3 | Z     |
|    2 | B     |    3 | Z     |
|    1 | A     |    3 | Z     |
|    4 | D     |    4 | A     |
|    3 | C     |    4 | A     |
|    2 | B     |    4 | A     |
|    1 | A     |    4 | A     |
|    4 | D     |    5 | B     |
|    3 | C     |    5 | B     |
|    2 | B     |    5 | B     |
|    1 | A     |    5 | B     |
+------+-------+------+-------+
20 rows in set (0.00 sec)

mysql> 
