EVA2_4_FOREIGN_KEY


Last login: Thu Mar  6 16:21:38 on ttys001
lechus@192 ~ % mysql tbd_eva1
ERROR 1045 (28000): Access denied for user 'lechus'@'localhost' (using password: NO)
lechus@192 ~ %   
lechus@192 ~ % mysql -u root -p
Enter password: 
Welcome to the MySQL monitor.  Commands end with ; or \g.
Your MySQL connection id is 39
Server version: 8.0.27 MySQL Community Server - GPL
Copyright (c) 2000, 2021, Oracle and/or its affiliates.
Oracle is a registered trademark of Oracle Corporation and/or its
affiliates. Other names may be trademarks of their respective
owners.
Type 'help;' or '\h' for help. Type '\c' to clear the current input statement.
mysql> 
mysql> show databasesl
    -> ^C
mysql> show databases;
+--------------------+
| Database           |
+--------------------+
| employees          |
| information_schema |
| mysql              |
| ordersbd           |
| performance_schema |
| sakila             |
| sys                |
| Tables_in_t2       |
| tbd_eva1           |
| world_x            |
+--------------------+
10 rows in set (0.09 sec)
mysql> use Tables_in_t2;
Reading table information for completion of table and column names
You can turn off this feature to get a quicker startup with -A
Database changed
mysql> show tables;
+------------------------+
| Tables_in_tables_in_t2 |
+------------------------+
| banco                  |
| cliente                |
| direccioncliente       |
| producto               |
| tarjeta                |
| tarjetacliente         |
| venta                  |
| venta_detalle          |
+------------------------+
8 rows in set (0.00 sec)
mysql> show create venta;
ERROR 1064 (42000): You have an error in your SQL syntax; check the manual that corresponds to your MySQL server version for the right syntax to use near 'venta' at line 1
mysql> show crete table venta_detalle;
ERROR 1064 (42000): You have an error in your SQL syntax; check the manual that corresponds to your MySQL server version for the right syntax to use near 'crete table venta_detalle' at line 1
mysql> select * from venta;
+---------+-------------+-----------+
| ventaid | fecha_venta | clienteid |
+---------+-------------+-----------+
|       1 | 2025-03-06  |         1 |
|       2 | 2025-11-04  |         2 |
|       3 | 2024-10-12  |         1 |
|       4 | 2025-05-12  |         3 |
+---------+-------------+-----------+
4 rows in set (0.01 sec)
mysql> show create table venta_table;
ERROR 1146 (42S02): Table 'tables_in_t2.venta_table' doesn't exist
mysql> show create table venta_detalle;
+---------------+--------------------------------------------------------------------------------------------------------------------------------------------------------------------------------------------------------------------------------------------------------------------------------------------------------------------------------------------------------------------------------------------------------------------------------------------------------------------------------------------------------------------------------------------------------------------------------------------------------------------------------+
| Table         | Create Table                                                                                                                                                                                                                                                                                                                                                                                                                                                                                                                                                                                                                   |
+---------------+--------------------------------------------------------------------------------------------------------------------------------------------------------------------------------------------------------------------------------------------------------------------------------------------------------------------------------------------------------------------------------------------------------------------------------------------------------------------------------------------------------------------------------------------------------------------------------------------------------------------------------+
| venta_detalle | CREATE TABLE `venta_detalle` (
  `ventadetalleid` int NOT NULL AUTO_INCREMENT,
  `ventaid` int NOT NULL,
  `productoid` int NOT NULL,
  `cantidad` int NOT NULL,
  PRIMARY KEY (`ventadetalleid`),
  KEY `ventaid` (`ventaid`),
  KEY `productoid` (`productoid`),
  CONSTRAINT `venta_detalle_ibfk_1` FOREIGN KEY (`ventaid`) REFERENCES `venta` (`ventaid`) ON DELETE CASCADE ON UPDATE CASCADE,
  CONSTRAINT `venta_detalle_ibfk_2` FOREIGN KEY (`productoid`) REFERENCES `producto` (`productoid`) ON DELETE CASCADE ON UPDATE CASCADE
) ENGINE=InnoDB AUTO_INCREMENT=8 DEFAULT CHARSET=utf8mb4 COLLATE=utf8mb4_0900_ai_ci |
+---------------+--------------------------------------------------------------------------------------------------------------------------------------------------------------------------------------------------------------------------------------------------------------------------------------------------------------------------------------------------------------------------------------------------------------------------------------------------------------------------------------------------------------------------------------------------------------------------------------------------------------------------------+
1 row in set (0.01 sec)
mysql> select * from venta_detalle
    -> ;
+----------------+---------+------------+----------+
| ventadetalleid | ventaid | productoid | cantidad |
+----------------+---------+------------+----------+
|              1 |       1 |          1 |       10 |
|              2 |       1 |          2 |        3 |
|              3 |       1 |          3 |        5 |
|              4 |       2 |          1 |        8 |
|              5 |       2 |          2 |        7 |
|              6 |       3 |          3 |        1 |
|              7 |       4 |          2 |        5 |
+----------------+---------+------------+----------+
7 rows in set (0.00 sec)
mysql> select * from cliente;
+-----------+--------+-----------+
| clienteid | nombre | apellidos |
+-----------+--------+-----------+
|         1 | Juan   | Perez     |
|         2 | Pedro  | Paramo    |
|         3 | Ruben  | Hernandez |
|         4 | Otro   | Cliente   |
+-----------+--------+-----------+
4 rows in set (0.00 sec)
mysql> select * from producto;
+------------+---------+----------+--------+
| productoid | nombre  | precio   | unidad |
+------------+---------+----------+--------+
|          1 | Laptop  | 20000.50 | Pieza  |
|          2 | Tablet  |  5000.45 | Pieza  |
|          3 | Celular |  1000.50 | Pieza  |
+------------+---------+----------+--------+
3 rows in set (0.01 sec)
mysql> select * from cliente
    -> where clienteid = 1;
+-----------+--------+-----------+
| clienteid | nombre | apellidos |
+-----------+--------+-----------+
|         1 | Juan   | Perez     |
+-----------+--------+-----------+
1 row in set (0.01 sec)
mysql> select * from venta
    -> where clienteid = 1;
+---------+-------------+-----------+
| ventaid | fecha_venta | clienteid |
+---------+-------------+-----------+
|       1 | 2025-03-06  |         1 |
|       3 | 2024-10-12  |         1 |
+---------+-------------+-----------+
2 rows in set (0.00 sec)
mysql> update cliente 
    -> set clienteid = 5
    -> where clienteid = 1;
Query OK, 1 row affected (0.01 sec)
Rows matched: 1  Changed: 1  Warnings: 0
mysql> show create table cliente;
+---------+----------------------------------------------------------------------------------------------------------------------------------------------------------------------------------------------------------------------------------------------------------+
| Table   | Create Table                                                                                                                                                                                                                                             |
+---------+----------------------------------------------------------------------------------------------------------------------------------------------------------------------------------------------------------------------------------------------------------+
| cliente | CREATE TABLE `cliente` (
  `clienteid` int NOT NULL AUTO_INCREMENT,
  `nombre` varchar(50) NOT NULL,
  `apellidos` varchar(50) NOT NULL,
  PRIMARY KEY (`clienteid`)
) ENGINE=InnoDB AUTO_INCREMENT=6 DEFAULT CHARSET=utf8mb4 COLLATE=utf8mb4_0900_ai_ci |
+---------+----------------------------------------------------------------------------------------------------------------------------------------------------------------------------------------------------------------------------------------------------------+
1 row in set (0.01 sec)
mysql> show create table direccion_cliente;
ERROR 1146 (42S02): Table 'tables_in_t2.direccion_cliente' doesn't exist
mysql> alter table direccioncliente 
    -> show create table direccioncliente;
ERROR 1064 (42000): You have an error in your SQL syntax; check the manual that corresponds to your MySQL server version for the right syntax to use near 'show create table direccioncliente' at line 2
mysql> alter table direccioncleinte drop constraint direccioncliente_ibfk1;
ERROR 1146 (42S02): Table 'tables_in_t2.direccioncleinte' doesn't exist
mysql> select * from cliente where clienteid = 1;
Empty set (0.01 sec)
mysql> show tables;
+------------------------+
| Tables_in_tables_in_t2 |
+------------------------+
| banco                  |
| cliente                |
| direccioncliente       |
| producto               |
| tarjeta                |
| tarjetacliente         |
| venta                  |
| venta_detalle          |
+------------------------+
8 rows in set (0.00 sec)
mysql> alter table tarjetacliente
    -> drop constraint tarjetacliente_ibfk_1;
Query OK, 0 rows affected (0.04 sec)
Records: 0  Duplicates: 0  Warnings: 0
mysql> update cliente set clienteid = 5 where clienteid = 1;
Query OK, 0 rows affected (0.00 sec)
Rows matched: 0  Changed: 0  Warnings: 0
mysql> select * from cliente;
+-----------+--------+-----------+
| clienteid | nombre | apellidos |
+-----------+--------+-----------+
|         2 | Pedro  | Paramo    |
|         3 | Ruben  | Hernandez |
|         4 | Otro   | Cliente   |
|         5 | Juan   | Perez     |
+-----------+--------+-----------+
4 rows in set (0.00 sec)
mysql> select * from cliente;
+-----------+--------+-----------+
| clienteid | nombre | apellidos |
+-----------+--------+-----------+
|         2 | Pedro  | Paramo    |
|         3 | Ruben  | Hernandez |
|         4 | Otro   | Cliente   |
|         5 | Juan   | Perez     |
+-----------+--------+-----------+
4 rows in set (0.00 sec)
mysql> select * from venta;
+---------+-------------+-----------+
| ventaid | fecha_venta | clienteid |
+---------+-------------+-----------+
|       1 | 2025-03-06  |         5 |
|       2 | 2025-11-04  |         2 |
|       3 | 2024-10-12  |         5 |
|       4 | 2025-05-12  |         3 |
+---------+-------------+-----------+
4 rows in set (0.00 sec)
mysql> select * from ventadetalle
    -> where ventaid = 1
    -> ;
ERROR 1146 (42S02): Table 'tables_in_t2.ventadetalle' doesn't exist
mysql> select * from venta_detalle where ventaid = 1;
+----------------+---------+------------+----------+
| ventadetalleid | ventaid | productoid | cantidad |
+----------------+---------+------------+----------+
|              1 |       1 |          1 |       10 |
|              2 |       1 |          2 |        3 |
|              3 |       1 |          3 |        5 |
+----------------+---------+------------+----------+
3 rows in set (0.00 sec)
mysql> select * from venta_detalle where ventaid = 3;
+----------------+---------+------------+----------+
| ventadetalleid | ventaid | productoid | cantidad |
+----------------+---------+------------+----------+
|              6 |       3 |          3 |        1 |
+----------------+---------+------------+----------+
1 row in set (0.00 sec)
mysql> delete from cliente 
    -> where clienteid =5;
Query OK, 1 row affected (0.01 sec)
mysql> select * from cliente;
+-----------+--------+-----------+
| clienteid | nombre | apellidos |
+-----------+--------+-----------+
|         2 | Pedro  | Paramo    |
|         3 | Ruben  | Hernandez |
|         4 | Otro   | Cliente   |
+-----------+--------+-----------+
3 rows in set (0.00 sec)
mysql> select * from venta;
+---------+-------------+-----------+
| ventaid | fecha_venta | clienteid |
+---------+-------------+-----------+
|       2 | 2025-11-04  |         2 |
|       4 | 2025-05-12  |         3 |
+---------+-------------+-----------+
2 rows in set (0.00 sec)
mysql> select * from venta_detalle;
+----------------+---------+------------+----------+
| ventadetalleid | ventaid | productoid | cantidad |
+----------------+---------+------------+----------+
|              4 |       2 |          1 |        8 |
|              5 |       2 |          2 |        7 |
|              7 |       4 |          2 |        5 |
+----------------+---------+------------+----------+
3 rows in set (0.00 sec)
mysql> show tables;
+------------------------+
| Tables_in_tables_in_t2 |
+------------------------+
| banco                  |
| cliente                |
| direccioncliente       |
| producto               |
| tarjeta                |
| tarjetacliente         |
| venta                  |
| venta_detalle          |
+------------------------+
8 rows in set (0.01 sec)
mysql> show create table direccioncliente;
+------------------+-----------------------------------------------------------------------------------------------------------------------------------------------------------------------------------------------------------------------------------------------------------------------------------------------------------------------------------------------------------------------------------------------------------------------------------------------------------------------------------------------------------------------------------------+
| Table            | Create Table                                                                                                                                                                                                                                                                                                                                                                                                                                                                                                                            |
+------------------+-----------------------------------------------------------------------------------------------------------------------------------------------------------------------------------------------------------------------------------------------------------------------------------------------------------------------------------------------------------------------------------------------------------------------------------------------------------------------------------------------------------------------------------------+
| direccioncliente | CREATE TABLE `direccioncliente` (
  `direccionclid` int NOT NULL AUTO_INCREMENT,
  `calle` varchar(50) NOT NULL,
  `numero` int NOT NULL,
  `colonia` varchar(50) NOT NULL,
  `cp` int NOT NULL,
  `ciudad` varchar(50) NOT NULL,
  `estado` varchar(50) NOT NULL,
  `clienteid` int NOT NULL,
  PRIMARY KEY (`direccionclid`),
  KEY `clienteid` (`clienteid`),
  CONSTRAINT `direccioncliente_ibfk_1` FOREIGN KEY (`clienteid`) REFERENCES `cliente` (`clienteid`)
) ENGINE=InnoDB DEFAULT CHARSET=utf8mb4 COLLATE=utf8mb4_0900_ai_ci |
+------------------+-----------------------------------------------------------------------------------------------------------------------------------------------------------------------------------------------------------------------------------------------------------------------------------------------------------------------------------------------------------------------------------------------------------------------------------------------------------------------------------------------------------------------------------------+
1 row in set (0.00 sec)
mysql> alter table venta
    -> drop constraint venta_ibfk_1;
Query OK, 0 rows affected (0.02 sec)
Records: 0  Duplicates: 0  Warnings: 0
mysql> alter table venta 
    -> add foreign key(clienteid) 
    -> references cliente(clienteid)
    -> on delete restrict 
    -> on update cascade;
Query OK, 2 rows affected (0.04 sec)
Records: 2  Duplicates: 0  Warnings: 0
mysql> show create table venta;
+-------+--------------------------------------------------------------------------------------------------------------------------------------------------------------------------------------------------------------------------------------------------------------------------------------------------------------------------------------------------------------------------------------------------------------+
| Table | Create Table                                                                                                                                                                                                                                                                                                                                                                                                 |
+-------+--------------------------------------------------------------------------------------------------------------------------------------------------------------------------------------------------------------------------------------------------------------------------------------------------------------------------------------------------------------------------------------------------------------+
| venta | CREATE TABLE `venta` (
  `ventaid` int NOT NULL AUTO_INCREMENT,
  `fecha_venta` date DEFAULT NULL,
  `clienteid` int NOT NULL,
  PRIMARY KEY (`ventaid`),
  KEY `clienteid` (`clienteid`),
  CONSTRAINT `venta_ibfk_1` FOREIGN KEY (`clienteid`) REFERENCES `cliente` (`clienteid`) ON DELETE RESTRICT ON UPDATE CASCADE
) ENGINE=InnoDB AUTO_INCREMENT=5 DEFAULT CHARSET=utf8mb4 COLLATE=utf8mb4_0900_ai_ci |
+-------+--------------------------------------------------------------------------------------------------------------------------------------------------------------------------------------------------------------------------------------------------------------------------------------------------------------------------------------------------------------------------------------------------------------+
1 row in set (0.00 sec)
mysql> select * from venta;
+---------+-------------+-----------+
| ventaid | fecha_venta | clienteid |
+---------+-------------+-----------+
|       2 | 2025-11-04  |         2 |
|       4 | 2025-05-12  |         3 |
+---------+-------------+-----------+
2 rows in set (0.00 sec)
mysql> select * from cliente
    -> where clienteid = 2;
+-----------+--------+-----------+
| clienteid | nombre | apellidos |
+-----------+--------+-----------+
|         2 | Pedro  | Paramo    |
+-----------+--------+-----------+
1 row in set (0.01 sec)
mysql> delete from cliente where cliendeid = 2;
ERROR 1054 (42S22): Unknown column 'cliendeid' in 'where clause'
mysql> delete from cliente where clienteid = 2;
ERROR 1451 (23000): Cannot delete or update a parent row: a foreign key constraint fails (`tables_in_t2`.`venta`, CONSTRAINT `venta_ibfk_1` FOREIGN KEY (`clienteid`) REFERENCES `cliente` (`clienteid`) ON DELETE RESTRICT ON UPDATE CASCADE)
mysql> update cliente
    -> set clienteid = 5
    -> where clienteid = 2;
Query OK, 1 row affected (0.01 sec)
Rows matched: 1  Changed: 1  Warnings: 0
mysql> select * from cliente
    -> ;
+-----------+--------+-----------+
| clienteid | nombre | apellidos |
+-----------+--------+-----------+
|         3 | Ruben  | Hernandez |
|         4 | Otro   | Cliente   |
|         5 | Pedro  | Paramo    |
+-----------+--------+-----------+
3 rows in set (0.00 sec)
mysql> select * from venta;
+---------+-------------+-----------+
| ventaid | fecha_venta | clienteid |
+---------+-------------+-----------+
|       2 | 2025-11-04  |         5 |
|       4 | 2025-05-12  |         3 |
+---------+-------------+-----------+
2 rows in set (0.01 sec)
mysql> select * from venta_detalle;
+----------------+---------+------------+----------+
| ventadetalleid | ventaid | productoid | cantidad |
+----------------+---------+------------+----------+
|              4 |       2 |          1 |        8 |
|              5 |       2 |          2 |        7 |
|              7 |       4 |          2 |        5 |
+----------------+---------+------------+----------+
3 rows in set (0.01 sec)
mysql> show create table venta_detalle;
+---------------+--------------------------------------------------------------------------------------------------------------------------------------------------------------------------------------------------------------------------------------------------------------------------------------------------------------------------------------------------------------------------------------------------------------------------------------------------------------------------------------------------------------------------------------------------------------------------------------------------------------------------------+
| Table         | Create Table                                                                                                                                                                                                                                                                                                                                                                                                                                                                                                                                                                                                                   |
+---------------+--------------------------------------------------------------------------------------------------------------------------------------------------------------------------------------------------------------------------------------------------------------------------------------------------------------------------------------------------------------------------------------------------------------------------------------------------------------------------------------------------------------------------------------------------------------------------------------------------------------------------------+
| venta_detalle | CREATE TABLE `venta_detalle` (
  `ventadetalleid` int NOT NULL AUTO_INCREMENT,
  `ventaid` int NOT NULL,
  `productoid` int NOT NULL,
  `cantidad` int NOT NULL,
  PRIMARY KEY (`ventadetalleid`),
  KEY `ventaid` (`ventaid`),
  KEY `productoid` (`productoid`),
  CONSTRAINT `venta_detalle_ibfk_1` FOREIGN KEY (`ventaid`) REFERENCES `venta` (`ventaid`) ON DELETE CASCADE ON UPDATE CASCADE,
  CONSTRAINT `venta_detalle_ibfk_2` FOREIGN KEY (`productoid`) REFERENCES `producto` (`productoid`) ON DELETE CASCADE ON UPDATE CASCADE
) ENGINE=InnoDB AUTO_INCREMENT=8 DEFAULT CHARSET=utf8mb4 COLLATE=utf8mb4_0900_ai_ci |
+---------------+--------------------------------------------------------------------------------------------------------------------------------------------------------------------------------------------------------------------------------------------------------------------------------------------------------------------------------------------------------------------------------------------------------------------------------------------------------------------------------------------------------------------------------------------------------------------------------------------------------------------------------+
1 row in set (0.00 sec)
mysql> select * from venta_detalle;
+----------------+---------+------------+----------+
| ventadetalleid | ventaid | productoid | cantidad |
+----------------+---------+------------+----------+
|              4 |       2 |          1 |        8 |
|              5 |       2 |          2 |        7 |
|              7 |       4 |          2 |        5 |
+----------------+---------+------------+----------+
3 rows in set (0.00 sec)
mysql> select * from producto;
+------------+---------+----------+--------+
| productoid | nombre  | precio   | unidad |
+------------+---------+----------+--------+
|          1 | Laptop  | 20000.50 | Pieza  |
|          2 | Tablet  |  5000.45 | Pieza  |
|          3 | Celular |  1000.50 | Pieza  |
+------------+---------+----------+--------+
3 rows in set (0.00 sec)
mysql> delete producto 
    -> ^C
mysql> delete from product 
    -> where productoid = 1;
ERROR 1146 (42S02): Table 'tables_in_t2.product' doesn't exist
mysql> delete from producto
    -> where productoid = 1;
Query OK, 1 row affected (0.01 sec)
mysql> select * from producto;
+------------+---------+---------+--------+
| productoid | nombre  | precio  | unidad |
+------------+---------+---------+--------+
|          2 | Tablet  | 5000.45 | Pieza  |
|          3 | Celular | 1000.50 | Pieza  |
+------------+---------+---------+--------+
2 rows in set (0.00 sec)
mysql> select * from venta_detalle;
+----------------+---------+------------+----------+
| ventadetalleid | ventaid | productoid | cantidad |
+----------------+---------+------------+----------+
|              5 |       2 |          2 |        7 |
|              7 |       4 |          2 |        5 |
+----------------+---------+------------+----------+
2 rows in set (0.00 sec)
mysql> show tables;
+------------------------+
| Tables_in_tables_in_t2 |
+------------------------+
| banco                  |
| cliente                |
| direccioncliente       |
| producto               |
| tarjeta                |
| tarjetacliente         |
| venta                  |
| venta_detalle          |
+------------------------+
8 rows in set (0.02 sec)
mysql> use sakila;
Reading table information for completion of table and column names
You can turn off this feature to get a quicker startup with -A
Database changed
mysql> show tables;
+----------------------------+
| Tables_in_sakila           |
+----------------------------+
| actor                      |
| actor_info                 |
| address                    |
| category                   |
| city                       |
| country                    |
| customer                   |
| customer_list              |
| film                       |
| film_actor                 |
| film_category              |
| film_list                  |
| film_text                  |
| inventory                  |
| language                   |
| nicer_but_slower_film_list |
| payment                    |
| rental                     |
| sales_by_film_category     |
| sales_by_store             |
| staff                      |
| staff_list                 |
| store                      |
+----------------------------+
23 rows in set (0.00 sec)
mysql> desc asctor;
ERROR 1146 (42S02): Table 'sakila.asctor' doesn't exist
mysql> desc actor;
+-------------+-------------------+------+-----+-------------------+-----------------------------------------------+
| Field       | Type              | Null | Key | Default           | Extra                                         |
+-------------+-------------------+------+-----+-------------------+-----------------------------------------------+
| actor_id    | smallint unsigned | NO   | PRI | NULL              | auto_increment                                |
| first_name  | varchar(45)       | NO   |     | NULL              |                                               |
| last_name   | varchar(45)       | NO   | MUL | NULL              |                                               |
| last_update | timestamp         | NO   |     | CURRENT_TIMESTAMP | DEFAULT_GENERATED on update CURRENT_TIMESTAMP |
+-------------+-------------------+------+-----+-------------------+-----------------------------------------------+
4 rows in set (0.01 sec)
mysql> desc film;
+----------------------+---------------------------------------------------------------------+------+-----+-------------------+-----------------------------------------------+
| Field                | Type                                                                | Null | Key | Default           | Extra                                         |
+----------------------+---------------------------------------------------------------------+------+-----+-------------------+-----------------------------------------------+
| film_id              | smallint unsigned                                                   | NO   | PRI | NULL              | auto_increment                                |
| title                | varchar(255)                                                        | NO   | MUL | NULL              |                                               |
| description          | text                                                                | YES  |     | NULL              |                                               |
| release_year         | year                                                                | YES  |     | NULL              |                                               |
| language_id          | tinyint unsigned                                                    | NO   | MUL | NULL              |                                               |
| original_language_id | tinyint unsigned                                                    | YES  | MUL | NULL              |                                               |
| rental_duration      | tinyint unsigned                                                    | NO   |     | 3                 |                                               |
| rental_rate          | decimal(4,2)                                                        | NO   |     | 4.99              |                                               |
| length               | smallint unsigned                                                   | YES  |     | NULL              |                                               |
| replacement_cost     | decimal(5,2)                                                        | NO   |     | 19.99             |                                               |
| rating               | enum('G','PG','PG-13','R','NC-17')                                  | YES  |     | G                 |                                               |
| special_features     | set('Trailers','Commentaries','Deleted Scenes','Behind the Scenes') | YES  |     | NULL              |                                               |
| last_update          | timestamp                                                           | NO   |     | CURRENT_TIMESTAMP | DEFAULT_GENERATED on update CURRENT_TIMESTAMP |
+----------------------+---------------------------------------------------------------------+------+-----+-------------------+-----------------------------------------------+
13 rows in set (0.00 sec)
mysql> desc country;
+-------------+-------------------+------+-----+-------------------+-----------------------------------------------+
| Field       | Type              | Null | Key | Default           | Extra                                         |
+-------------+-------------------+------+-----+-------------------+-----------------------------------------------+
| country_id  | smallint unsigned | NO   | PRI | NULL              | auto_increment                                |
| country     | varchar(50)       | NO   |     | NULL              |                                               |
| last_update | timestamp         | NO   |     | CURRENT_TIMESTAMP | DEFAULT_GENERATED on update CURRENT_TIMESTAMP |
+-------------+-------------------+------+-----+-------------------+-----------------------------------------------+
3 rows in set (0.00 sec)
mysql> desc city;
+-------------+-------------------+------+-----+-------------------+-----------------------------------------------+
| Field       | Type              | Null | Key | Default           | Extra                                         |
+-------------+-------------------+------+-----+-------------------+-----------------------------------------------+
| city_id     | smallint unsigned | NO   | PRI | NULL              | auto_increment                                |
| city        | varchar(50)       | NO   |     | NULL              |                                               |
| country_id  | smallint unsigned | NO   | MUL | NULL              |                                               |
| last_update | timestamp         | NO   |     | CURRENT_TIMESTAMP | DEFAULT_GENERATED on update CURRENT_TIMESTAMP |
+-------------+-------------------+------+-----+-------------------+-----------------------------------------------+
4 rows in set (0.00 sec)
mysql> select country(*) from country;
ERROR 1064 (42000): You have an error in your SQL syntax; check the manual that corresponds to your MySQL server version for the right syntax to use near '*) from country' at line 1
mysql> select count(*) from country;
+----------+
| count(*) |
+----------+
|        0 |
+----------+
1 row in set (0.01 sec)
mysql> select count(*) from city;
+----------+
| count(*) |
+----------+
|        0 |
+----------+
1 row in set (0.01 sec)
mysql> show databases;
+--------------------+
| Database           |
+--------------------+
| employees          |
| information_schema |
| mysql              |
| ordersbd           |
| performance_schema |
| sakila             |
| sys                |
| Tables_in_t2       |
| tbd_eva1           |
| world_x            |
+--------------------+
10 rows in set (0.00 sec)
mysql> use Tables_in_t2;
Reading table information for completion of table and column names
You can turn off this feature to get a quicker startup with -A
Database changed
mysql> show tables;
+------------------------+
| Tables_in_tables_in_t2 |
+------------------------+
| banco                  |
| cliente                |
| direccioncliente       |
| producto               |
| tarjeta                |
| tarjetacliente         |
| venta                  |
| venta_detalle          |
+------------------------+
8 rows in set (0.01 sec)
mysql> create table Tables_ind_t2.country like sakila.country;
ERROR 1049 (42000): Unknown database 'tables_ind_t2'
mysql> create table Tables_in_t2.country like sakila.country;
Query OK, 0 rows affected (0.04 sec)
mysql> create table Tables_in_t2.city like sakila.city;
Query OK, 0 rows affected (0.02 sec)
mysql> show tables;
+------------------------+
| Tables_in_tables_in_t2 |
+------------------------+
| banco                  |
| city                   |
| cliente                |
| country                |
| direccioncliente       |
| producto               |
| tarjeta                |
| tarjetacliente         |
| venta                  |
| venta_detalle          |
+------------------------+
10 rows in set (0.00 sec)
mysql> select count(*) from country;
+----------+
| count(*) |
+----------+
|        0 |
+----------+
1 row in set (0.01 sec)
mysql> select count(*) from city;
+----------+
| count(*) |
+----------+
|        0 |
+----------+
1 row in set (0.00 sec)
mysql> insert into Tables_in_t2.country select * from sakila.country;
Query OK, 0 rows affected (0.00 sec)
Records: 0  Duplicates: 0  Warnings: 0
mysql> insert into Tables_in_t2.city select * from sakila.city;
Query OK, 0 rows affected (0.00 sec)
Records: 0  Duplicates: 0  Warnings: 0
mysql> desc Tables_in_t2.city;
+-------------+-------------------+------+-----+-------------------+-----------------------------------------------+
| Field       | Type              | Null | Key | Default           | Extra                                         |
+-------------+-------------------+------+-----+-------------------+-----------------------------------------------+
| city_id     | smallint unsigned | NO   | PRI | NULL              | auto_increment                                |
| city        | varchar(50)       | NO   |     | NULL              |                                               |
| country_id  | smallint unsigned | NO   | MUL | NULL              |                                               |
| last_update | timestamp         | NO   |     | CURRENT_TIMESTAMP | DEFAULT_GENERATED on update CURRENT_TIMESTAMP |
+-------------+-------------------+------+-----+-------------------+-----------------------------------------------+
4 rows in set (0.01 sec)
mysql> alter table Tables_in_t2.city
    -> add constraint fk_city_country
    -> foreing key (country_id)
    -> references Tables_in_t2.country (country.id)
    -> on delete cascade
    -> on update cascade;
ERROR 1064 (42000): You have an error in your SQL syntax; check the manual that corresponds to your MySQL server version for the right syntax to use near 'foreing key (country_id)
references Tables_in_t2.country (country.id)
on delete ' at line 3
mysql> alter table Tables_in_t2.city
    -> add constraint fk_city_country 
    -> foreign key (country_id)
    -> references Tables_in_t2.country (country_id)
    -> on delete cascade
    -> on update cascade;
Query OK, 0 rows affected (0.11 sec)
Records: 0  Duplicates: 0  Warnings: 0
mysql>